{"error":"Cannot call `companies.find()` before initial connection is complete if `bufferCommands = false`. Make sure you `await mongoose.connect()` if you have `bufferCommands = false`.","level":"error","message":"Error processing sync queue","service":"tally-sync","timestamp":"2026-04-17T05:47:00.390Z"}
{"error":"Cannot call `companies.find()` before initial connection is complete if `bufferCommands = false`. Make sure you `await mongoose.connect()` if you have `bufferCommands = false`.","level":"error","message":"Error processing sync queue","service":"tally-sync","timestamp":"2026-04-17T05:47:30.499Z"}
{"error":"Cannot call `companies.find()` before initial connection is complete if `bufferCommands = false`. Make sure you `await mongoose.connect()` if you have `bufferCommands = false`.","level":"error","message":"Error processing sync queue","service":"tally-sync","timestamp":"2026-04-17T05:48:00.559Z"}
{"error":"Cannot call `companies.find()` before initial connection is complete if `bufferCommands = false`. Make sure you `await mongoose.connect()` if you have `bufferCommands = false`.","level":"error","message":"Error processing sync queue","service":"tally-sync","timestamp":"2026-04-17T05:48:30.662Z"}
{"error":"Cannot call `companies.find()` before initial connection is complete if `bufferCommands = false`. Make sure you `await mongoose.connect()` if you have `bufferCommands = false`.","level":"error","message":"Error processing sync queue","service":"tally-sync","timestamp":"2026-04-17T05:49:00.739Z"}
{"error":"Cannot call `companies.find()` before initial connection is complete if `bufferCommands = false`. Make sure you `await mongoose.connect()` if you have `bufferCommands = false`.","level":"error","message":"Error processing sync queue","service":"tally-sync","timestamp":"2026-04-17T05:49:30.831Z"}
{"error":"Cannot call `companies.find()` before initial connection is complete if `bufferCommands = false`. Make sure you `await mongoose.connect()` if you have `bufferCommands = false`.","level":"error","message":"Error processing sync queue","service":"tally-sync","timestamp":"2026-04-17T05:50:00.880Z"}
{"error":"Cannot call `tallysyncs.find()` before initial connection is complete if `bufferCommands = false`. Make sure you `await mongoose.connect()` if you have `bufferCommands = false`.","level":"error","message":"Error processing conflict queue","service":"tally-sync","timestamp":"2026-04-17T05:50:00.883Z"}
{"error":"Cannot call `companies.find()` before initial connection is complete if `bufferCommands = false`. Make sure you `await mongoose.connect()` if you have `bufferCommands = false`.","level":"error","message":"Error processing sync queue","service":"tally-sync","timestamp":"2026-04-17T05:50:30.982Z"}
{"error":"Cannot call `companies.find()` before initial connection is complete if `bufferCommands = false`. Make sure you `await mongoose.connect()` if you have `bufferCommands = false`.","level":"error","message":"Error processing sync queue","service":"tally-sync","timestamp":"2026-04-17T05:51:00.026Z"}
{"error":"Cannot call `companies.find()` before initial connection is complete if `bufferCommands = false`. Make sure you `await mongoose.connect()` if you have `bufferCommands = false`.","level":"error","message":"Error processing sync queue","service":"tally-sync","timestamp":"2026-04-17T05:51:30.230Z"}
{"error":"Cannot call `companies.find()` before initial connection is complete if `bufferCommands = false`. Make sure you `await mongoose.connect()` if you have `bufferCommands = false`.","level":"error","message":"Error processing sync queue","service":"tally-sync","timestamp":"2026-04-17T05:52:00.267Z"}
{"error":"Cannot call `companies.find()` before initial connection is complete if `bufferCommands = false`. Make sure you `await mongoose.connect()` if you have `bufferCommands = false`.","level":"error","message":"Error processing sync queue","service":"tally-sync","timestamp":"2026-04-17T05:52:30.375Z"}
{"error":"Cannot call `companies.find()` before initial connection is complete if `bufferCommands = false`. Make sure you `await mongoose.connect()` if you have `bufferCommands = false`.","level":"error","message":"Error processing sync queue","service":"tally-sync","timestamp":"2026-04-17T05:53:00.462Z"}
{"error":"Cannot call `companies.find()` before initial connection is complete if `bufferCommands = false`. Make sure you `await mongoose.connect()` if you have `bufferCommands = false`.","level":"error","message":"Error processing sync queue","service":"tally-sync","timestamp":"2026-04-17T05:53:30.582Z"}
{"error":"Cannot call `companies.find()` before initial connection is complete if `bufferCommands = false`. Make sure you `await mongoose.connect()` if you have `bufferCommands = false`.","level":"error","message":"Error processing sync queue","service":"tally-sync","timestamp":"2026-04-17T05:54:00.667Z"}
{"error":"Cannot call `companies.find()` before initial connection is complete if `bufferCommands = false`. Make sure you `await mongoose.connect()` if you have `bufferCommands = false`.","level":"error","message":"Error processing sync queue","service":"tally-sync","timestamp":"2026-04-17T05:54:30.716Z"}
{"error":"Cannot call `companies.find()` before initial connection is complete if `bufferCommands = false`. Make sure you `await mongoose.connect()` if you have `bufferCommands = false`.","level":"error","message":"Error processing sync queue","service":"tally-sync","timestamp":"2026-04-17T05:55:00.789Z"}
{"error":"Cannot call `tallysyncs.find()` before initial connection is complete if `bufferCommands = false`. Make sure you `await mongoose.connect()` if you have `bufferCommands = false`.","level":"error","message":"Error processing conflict queue","service":"tally-sync","timestamp":"2026-04-17T05:55:00.792Z"}
{"error":"Cannot call `companies.find()` before initial connection is complete if `bufferCommands = false`. Make sure you `await mongoose.connect()` if you have `bufferCommands = false`.","level":"error","message":"Error processing sync queue","service":"tally-sync","timestamp":"2026-04-17T05:55:30.869Z"}
{"error":"Cannot call `companies.find()` before initial connection is complete if `bufferCommands = false`. Make sure you `await mongoose.connect()` if you have `bufferCommands = false`.","level":"error","message":"Error processing sync queue","service":"tally-sync","timestamp":"2026-04-17T05:56:00.950Z"}
{"error":"Cannot call `companies.find()` before initial connection is complete if `bufferCommands = false`. Make sure you `await mongoose.connect()` if you have `bufferCommands = false`.","level":"error","message":"Error processing sync queue","service":"tally-sync","timestamp":"2026-04-17T05:56:30.994Z"}
{"error":"Cannot call `companies.find()` before initial connection is complete if `bufferCommands = false`. Make sure you `await mongoose.connect()` if you have `bufferCommands = false`.","level":"error","message":"Error processing sync queue","service":"tally-sync","timestamp":"2026-04-17T05:57:00.083Z"}
{"error":"Cannot call `companies.find()` before initial connection is complete if `bufferCommands = false`. Make sure you `await mongoose.connect()` if you have `bufferCommands = false`.","level":"error","message":"Error processing sync queue","service":"tally-sync","timestamp":"2026-04-17T05:57:30.179Z"}
{"error":"Cannot call `companies.find()` before initial connection is complete if `bufferCommands = false`. Make sure you `await mongoose.connect()` if you have `bufferCommands = false`.","level":"error","message":"Error processing sync queue","service":"tally-sync","timestamp":"2026-04-17T05:58:00.232Z"}
{"error":"Cannot call `companies.find()` before initial connection is complete if `bufferCommands = false`. Make sure you `await mongoose.connect()` if you have `bufferCommands = false`.","level":"error","message":"Error processing sync queue","service":"tally-sync","timestamp":"2026-04-17T05:58:30.253Z"}
{"error":"Cannot call `companies.find()` before initial connection is complete if `bufferCommands = false`. Make sure you `await mongoose.connect()` if you have `bufferCommands = false`.","level":"error","message":"Error processing sync queue","service":"tally-sync","timestamp":"2026-04-17T05:59:00.337Z"}
{"error":"Cannot call `companies.find()` before initial connection is complete if `bufferCommands = false`. Make sure you `await mongoose.connect()` if you have `bufferCommands = false`.","level":"error","message":"Error processing sync queue","service":"tally-sync","timestamp":"2026-04-17T05:59:30.386Z"}
{"error":"Cannot call `companies.find()` before initial connection is complete if `bufferCommands = false`. Make sure you `await mongoose.connect()` if you have `bufferCommands = false`.","level":"error","message":"Error processing sync queue","service":"tally-sync","timestamp":"2026-04-17T06:03:00.170Z"}
{"error":"Cannot call `companies.find()` before initial connection is complete if `bufferCommands = false`. Make sure you `await mongoose.connect()` if you have `bufferCommands = false`.","level":"error","message":"Error processing sync queue","service":"tally-sync","timestamp":"2026-04-17T06:03:30.258Z"}
{"error":"Cannot call `companies.find()` before initial connection is complete if `bufferCommands = false`. Make sure you `await mongoose.connect()` if you have `bufferCommands = false`.","level":"error","message":"Error processing sync queue","service":"tally-sync","timestamp":"2026-04-17T06:04:00.387Z"}
{"error":"Cannot call `companies.find()` before initial connection is complete if `bufferCommands = false`. Make sure you `await mongoose.connect()` if you have `bufferCommands = false`.","level":"error","message":"Error processing sync queue","service":"tally-sync","timestamp":"2026-04-17T06:04:30.512Z"}
{"error":"Cannot call `companies.find()` before initial connection is complete if `bufferCommands = false`. Make sure you `await mongoose.connect()` if you have `bufferCommands = false`.","level":"error","message":"Error processing sync queue","service":"tally-sync","timestamp":"2026-04-17T06:05:00.629Z"}
{"error":"Cannot call `tallysyncs.find()` before initial connection is complete if `bufferCommands = false`. Make sure you `await mongoose.connect()` if you have `bufferCommands = false`.","level":"error","message":"Error processing conflict queue","service":"tally-sync","timestamp":"2026-04-17T06:05:00.631Z"}
{"error":"Cannot call `companies.find()` before initial connection is complete if `bufferCommands = false`. Make sure you `await mongoose.connect()` if you have `bufferCommands = false`.","level":"error","message":"Error processing sync queue","service":"tally-sync","timestamp":"2026-04-17T06:05:30.718Z"}
{"error":"Cannot call `companies.find()` before initial connection is complete if `bufferCommands = false`. Make sure you `await mongoose.connect()` if you have `bufferCommands = false`.","level":"error","message":"Error processing sync queue","service":"tally-sync","timestamp":"2026-04-20T05:39:30.828Z"}
{"error":"Cannot call `companies.find()` before initial connection is complete if `bufferCommands = false`. Make sure you `await mongoose.connect()` if you have `bufferCommands = false`.","level":"error","message":"Error processing sync queue","service":"tally-sync","timestamp":"2026-04-20T05:40:00.011Z"}
{"error":"Cannot call `tallysyncs.find()` before initial connection is complete if `bufferCommands = false`. Make sure you `await mongoose.connect()` if you have `bufferCommands = false`.","level":"error","message":"Error processing conflict queue","service":"tally-sync","timestamp":"2026-04-20T05:40:00.017Z"}
{"error":"Cannot call `companies.find()` before initial connection is complete if `bufferCommands = false`. Make sure you `await mongoose.connect()` if you have `bufferCommands = false`.","level":"error","message":"Error processing sync queue","service":"tally-sync","timestamp":"2026-04-20T05:40:30.065Z"}
{"error":"Cannot call `companies.find()` before initial connection is complete if `bufferCommands = false`. Make sure you `await mongoose.connect()` if you have `bufferCommands = false`.","level":"error","message":"Error processing sync queue","service":"tally-sync","timestamp":"2026-04-20T05:41:00.241Z"}
{"error":"Cannot call `companies.find()` before initial connection is complete if `bufferCommands = false`. Make sure you `await mongoose.connect()` if you have `bufferCommands = false`.","level":"error","message":"Error processing sync queue","service":"tally-sync","timestamp":"2026-04-20T05:41:30.293Z"}
{"error":"Cannot call `companies.find()` before initial connection is complete if `bufferCommands = false`. Make sure you `await mongoose.connect()` if you have `bufferCommands = false`.","level":"error","message":"Error processing sync queue","service":"tally-sync","timestamp":"2026-04-20T05:42:00.383Z"}
{"error":"Cannot call `companies.find()` before initial connection is complete if `bufferCommands = false`. Make sure you `await mongoose.connect()` if you have `bufferCommands = false`.","level":"error","message":"Error processing sync queue","service":"tally-sync","timestamp":"2026-04-20T05:42:30.550Z"}
{"error":"Cannot call `companies.find()` before initial connection is complete if `bufferCommands = false`. Make sure you `await mongoose.connect()` if you have `bufferCommands = false`.","level":"error","message":"Error processing sync queue","service":"tally-sync","timestamp":"2026-04-20T05:43:00.706Z"}
{"error":"Cannot call `companies.find()` before initial connection is complete if `bufferCommands = false`. Make sure you `await mongoose.connect()` if you have `bufferCommands = false`.","level":"error","message":"Error processing sync queue","service":"tally-sync","timestamp":"2026-04-20T05:43:30.935Z"}
{"error":"Cannot call `companies.find()` before initial connection is complete if `bufferCommands = false`. Make sure you `await mongoose.connect()` if you have `bufferCommands = false`.","level":"error","message":"Error processing sync queue","service":"tally-sync","timestamp":"2026-04-20T05:44:00.124Z"}
{"error":"Cannot call `companies.find()` before initial connection is complete if `bufferCommands = false`. Make sure you `await mongoose.connect()` if you have `bufferCommands = false`.","level":"error","message":"Error processing sync queue","service":"tally-sync","timestamp":"2026-04-20T05:44:30.334Z"}
{"error":"Cannot call `companies.find()` before initial connection is complete if `bufferCommands = false`. Make sure you `await mongoose.connect()` if you have `bufferCommands = false`.","level":"error","message":"Error processing sync queue","service":"tally-sync","timestamp":"2026-04-20T05:45:00.494Z"}
{"error":"Cannot call `tallysyncs.find()` before initial connection is complete if `bufferCommands = false`. Make sure you `await mongoose.connect()` if you have `bufferCommands = false`.","level":"error","message":"Error processing conflict queue","service":"tally-sync","timestamp":"2026-04-20T05:45:00.528Z"}
{"error":"Cannot call `companies.find()` before initial connection is complete if `bufferCommands = false`. Make sure you `await mongoose.connect()` if you have `bufferCommands = false`.","level":"error","message":"Error processing sync queue","service":"tally-sync","timestamp":"2026-04-20T05:45:30.636Z"}
{"error":"Cannot call `companies.find()` before initial connection is complete if `bufferCommands = false`. Make sure you `await mongoose.connect()` if you have `bufferCommands = false`.","level":"error","message":"Error processing sync queue","service":"tally-sync","timestamp":"2026-04-20T05:46:00.667Z"}
{"error":"Cannot call `companies.find()` before initial connection is complete if `bufferCommands = false`. Make sure you `await mongoose.connect()` if you have `bufferCommands = false`.","level":"error","message":"Error processing sync queue","service":"tally-sync","timestamp":"2026-04-20T05:46:30.732Z"}
{"error":"Cannot call `companies.find()` before initial connection is complete if `bufferCommands = false`. Make sure you `await mongoose.connect()` if you have `bufferCommands = false`.","level":"error","message":"Error processing sync queue","service":"tally-sync","timestamp":"2026-04-20T05:47:00.869Z"}
{"error":"Cannot call `companies.find()` before initial connection is complete if `bufferCommands = false`. Make sure you `await mongoose.connect()` if you have `bufferCommands = false`.","level":"error","message":"Error processing sync queue","service":"tally-sync","timestamp":"2026-04-20T05:47:30.018Z"}
{"error":"Cannot call `companies.find()` before initial connection is complete if `bufferCommands = false`. Make sure you `await mongoose.connect()` if you have `bufferCommands = false`.","level":"error","message":"Error processing sync queue","service":"tally-sync","timestamp":"2026-04-20T05:48:00.226Z"}
{"error":"Cannot call `companies.find()` before initial connection is complete if `bufferCommands = false`. Make sure you `await mongoose.connect()` if you have `bufferCommands = false`.","level":"error","message":"Error processing sync queue","service":"tally-sync","timestamp":"2026-04-20T05:48:30.365Z"}
{"error":"Cannot call `companies.find()` before initial connection is complete if `bufferCommands = false`. Make sure you `await mongoose.connect()` if you have `bufferCommands = false`.","level":"error","message":"Error processing sync queue","service":"tally-sync","timestamp":"2026-04-20T05:49:00.428Z"}
{"error":"Cannot call `companies.find()` before initial connection is complete if `bufferCommands = false`. Make sure you `await mongoose.connect()` if you have `bufferCommands = false`.","level":"error","message":"Error processing sync queue","service":"tally-sync","timestamp":"2026-04-20T05:49:30.479Z"}
{"error":"Cannot call `companies.find()` before initial connection is complete if `bufferCommands = false`. Make sure you `await mongoose.connect()` if you have `bufferCommands = false`.","level":"error","message":"Error processing sync queue","service":"tally-sync","timestamp":"2026-04-20T05:50:00.564Z"}
{"error":"Cannot call `tallysyncs.find()` before initial connection is complete if `bufferCommands = false`. Make sure you `await mongoose.connect()` if you have `bufferCommands = false`.","level":"error","message":"Error processing conflict queue","service":"tally-sync","timestamp":"2026-04-20T05:50:00.615Z"}
{"error":"Cannot call `companies.find()` before initial connection is complete if `bufferCommands = false`. Make sure you `await mongoose.connect()` if you have `bufferCommands = false`.","level":"error","message":"Error processing sync queue","service":"tally-sync","timestamp":"2026-04-20T05:50:30.622Z"}
{"error":"Cannot call `companies.find()` before initial connection is complete if `bufferCommands = false`. Make sure you `await mongoose.connect()` if you have `bufferCommands = false`.","level":"error","message":"Error processing sync queue","service":"tally-sync","timestamp":"2026-04-20T05:51:00.668Z"}
{"error":"Cannot call `companies.find()` before initial connection is complete if `bufferCommands = false`. Make sure you `await mongoose.connect()` if you have `bufferCommands = false`.","level":"error","message":"Error processing sync queue","service":"tally-sync","timestamp":"2026-04-20T05:51:30.691Z"}
{"error":"Cannot call `companies.find()` before initial connection is complete if `bufferCommands = false`. Make sure you `await mongoose.connect()` if you have `bufferCommands = false`.","level":"error","message":"Error processing sync queue","service":"tally-sync","timestamp":"2026-04-20T05:52:00.727Z"}
{"error":"Cannot call `companies.find()` before initial connection is complete if `bufferCommands = false`. Make sure you `await mongoose.connect()` if you have `bufferCommands = false`.","level":"error","message":"Error processing sync queue","service":"tally-sync","timestamp":"2026-04-20T05:52:30.759Z"}
{"error":"Cannot call `companies.find()` before initial connection is complete if `bufferCommands = false`. Make sure you `await mongoose.connect()` if you have `bufferCommands = false`.","level":"error","message":"Error processing sync queue","service":"tally-sync","timestamp":"2026-04-20T05:53:00.851Z"}
{"error":"Cannot call `companies.find()` before initial connection is complete if `bufferCommands = false`. Make sure you `await mongoose.connect()` if you have `bufferCommands = false`.","level":"error","message":"Error processing sync queue","service":"tally-sync","timestamp":"2026-04-20T05:53:30.936Z"}
{"error":"Cannot call `companies.find()` before initial connection is complete if `bufferCommands = false`. Make sure you `await mongoose.connect()` if you have `bufferCommands = false`.","level":"error","message":"Error processing sync queue","service":"tally-sync","timestamp":"2026-04-20T05:54:00.017Z"}
{"error":"Cannot call `companies.find()` before initial connection is complete if `bufferCommands = false`. Make sure you `await mongoose.connect()` if you have `bufferCommands = false`.","level":"error","message":"Error processing sync queue","service":"tally-sync","timestamp":"2026-04-20T05:54:30.046Z"}
{"error":"Cannot call `companies.find()` before initial connection is complete if `bufferCommands = false`. Make sure you `await mongoose.connect()` if you have `bufferCommands = false`.","level":"error","message":"Error processing sync queue","service":"tally-sync","timestamp":"2026-04-20T05:55:00.102Z"}
{"error":"Cannot call `tallysyncs.find()` before initial connection is complete if `bufferCommands = false`. Make sure you `await mongoose.connect()` if you have `bufferCommands = false`.","level":"error","message":"Error processing conflict queue","service":"tally-sync","timestamp":"2026-04-20T05:55:00.104Z"}
{"error":"Cannot call `companies.find()` before initial connection is complete if `bufferCommands = false`. Make sure you `await mongoose.connect()` if you have `bufferCommands = false`.","level":"error","message":"Error processing sync queue","service":"tally-sync","timestamp":"2026-04-20T05:55:30.124Z"}
{"error":"Cannot call `companies.find()` before initial connection is complete if `bufferCommands = false`. Make sure you `await mongoose.connect()` if you have `bufferCommands = false`.","level":"error","message":"Error processing sync queue","service":"tally-sync","timestamp":"2026-04-20T05:56:00.160Z"}
{"error":"Cannot call `companies.find()` before initial connection is complete if `bufferCommands = false`. Make sure you `await mongoose.connect()` if you have `bufferCommands = false`.","level":"error","message":"Error processing sync queue","service":"tally-sync","timestamp":"2026-04-20T05:56:30.229Z"}
{"error":"Cannot call `companies.find()` before initial connection is complete if `bufferCommands = false`. Make sure you `await mongoose.connect()` if you have `bufferCommands = false`.","level":"error","message":"Error processing sync queue","service":"tally-sync","timestamp":"2026-04-20T05:57:00.278Z"}
{"error":"Cannot call `companies.find()` before initial connection is complete if `bufferCommands = false`. Make sure you `await mongoose.connect()` if you have `bufferCommands = false`.","level":"error","message":"Error processing sync queue","service":"tally-sync","timestamp":"2026-04-20T05:57:30.330Z"}
{"error":"Cannot call `companies.find()` before initial connection is complete if `bufferCommands = false`. Make sure you `await mongoose.connect()` if you have `bufferCommands = false`.","level":"error","message":"Error processing sync queue","service":"tally-sync","timestamp":"2026-04-20T05:58:00.385Z"}
{"error":"Cannot call `companies.find()` before initial connection is complete if `bufferCommands = false`. Make sure you `await mongoose.connect()` if you have `bufferCommands = false`.","level":"error","message":"Error processing sync queue","service":"tally-sync","timestamp":"2026-04-20T05:58:30.456Z"}
{"error":"Cannot call `companies.find()` before initial connection is complete if `bufferCommands = false`. Make sure you `await mongoose.connect()` if you have `bufferCommands = false`.","level":"error","message":"Error processing sync queue","service":"tally-sync","timestamp":"2026-04-20T05:59:00.498Z"}
{"error":"Cannot call `companies.find()` before initial connection is complete if `bufferCommands = false`. Make sure you `await mongoose.connect()` if you have `bufferCommands = false`.","level":"error","message":"Error processing sync queue","service":"tally-sync","timestamp":"2026-04-20T05:59:30.538Z"}
{"error":"Cannot call `companies.find()` before initial connection is complete if `bufferCommands = false`. Make sure you `await mongoose.connect()` if you have `bufferCommands = false`.","level":"error","message":"Error processing sync queue","service":"tally-sync","timestamp":"2026-04-20T06:00:00.580Z"}
{"error":"Cannot call `tallysyncs.find()` before initial connection is complete if `bufferCommands = false`. Make sure you `await mongoose.connect()` if you have `bufferCommands = false`.","level":"error","message":"Error processing conflict queue","service":"tally-sync","timestamp":"2026-04-20T06:00:00.581Z"}
{"error":"Cannot call `companies.find()` before initial connection is complete if `bufferCommands = false`. Make sure you `await mongoose.connect()` if you have `bufferCommands = false`.","level":"error","message":"Error processing sync queue","service":"tally-sync","timestamp":"2026-04-20T06:00:30.603Z"}
{"error":"Cannot call `companies.find()` before initial connection is complete if `bufferCommands = false`. Make sure you `await mongoose.connect()` if you have `bufferCommands = false`.","level":"error","message":"Error processing sync queue","service":"tally-sync","timestamp":"2026-04-20T06:01:00.634Z"}
{"error":"Cannot call `companies.find()` before initial connection is complete if `bufferCommands = false`. Make sure you `await mongoose.connect()` if you have `bufferCommands = false`.","level":"error","message":"Error processing sync queue","service":"tally-sync","timestamp":"2026-04-20T06:01:30.654Z"}
{"error":"Cannot call `companies.find()` before initial connection is complete if `bufferCommands = false`. Make sure you `await mongoose.connect()` if you have `bufferCommands = false`.","level":"error","message":"Error processing sync queue","service":"tally-sync","timestamp":"2026-04-20T06:02:00.696Z"}
{"error":"Cannot call `companies.find()` before initial connection is complete if `bufferCommands = false`. Make sure you `await mongoose.connect()` if you have `bufferCommands = false`.","level":"error","message":"Error processing sync queue","service":"tally-sync","timestamp":"2026-04-20T06:02:30.732Z"}
{"error":"Cannot call `companies.find()` before initial connection is complete if `bufferCommands = false`. Make sure you `await mongoose.connect()` if you have `bufferCommands = false`.","level":"error","message":"Error processing sync queue","service":"tally-sync","timestamp":"2026-04-20T06:03:00.781Z"}
{"error":"Cannot call `companies.find()` before initial connection is complete if `bufferCommands = false`. Make sure you `await mongoose.connect()` if you have `bufferCommands = false`.","level":"error","message":"Error processing sync queue","service":"tally-sync","timestamp":"2026-04-20T06:03:30.798Z"}
{"error":"Cannot call `companies.find()` before initial connection is complete if `bufferCommands = false`. Make sure you `await mongoose.connect()` if you have `bufferCommands = false`.","level":"error","message":"Error processing sync queue","service":"tally-sync","timestamp":"2026-04-20T06:04:00.861Z"}
{"error":"Cannot call `companies.find()` before initial connection is complete if `bufferCommands = false`. Make sure you `await mongoose.connect()` if you have `bufferCommands = false`.","level":"error","message":"Error processing sync queue","service":"tally-sync","timestamp":"2026-04-20T06:04:30.885Z"}
{"error":"Cannot call `companies.find()` before initial connection is complete if `bufferCommands = false`. Make sure you `await mongoose.connect()` if you have `bufferCommands = false`.","level":"error","message":"Error processing sync queue","service":"tally-sync","timestamp":"2026-04-20T06:05:00.945Z"}
{"error":"Cannot call `companies.find()` before initial connection is complete if `bufferCommands = false`. Make sure you `await mongoose.connect()` if you have `bufferCommands = false`.","level":"error","message":"Error processing sync queue","service":"tally-sync","timestamp":"2026-04-24T06:10:30.281Z"}
{"error":"Cannot call `companies.find()` before initial connection is complete if `bufferCommands = false`. Make sure you `await mongoose.connect()` if you have `bufferCommands = false`.","level":"error","message":"Error processing sync queue","service":"tally-sync","timestamp":"2026-04-24T06:11:00.503Z"}
{"error":"Cannot call `companies.find()` before initial connection is complete if `bufferCommands = false`. Make sure you `await mongoose.connect()` if you have `bufferCommands = false`.","level":"error","message":"Error processing sync queue","service":"tally-sync","timestamp":"2026-04-24T06:11:30.768Z"}
{"error":"Cannot call `companies.find()` before initial connection is complete if `bufferCommands = false`. Make sure you `await mongoose.connect()` if you have `bufferCommands = false`.","level":"error","message":"Error processing sync queue","service":"tally-sync","timestamp":"2026-04-24T06:12:00.030Z"}
{"error":"Cannot call `companies.find()` before initial connection is complete if `bufferCommands = false`. Make sure you `await mongoose.connect()` if you have `bufferCommands = false`.","level":"error","message":"Error processing sync queue","service":"tally-sync","timestamp":"2026-04-24T06:12:30.312Z"}
{"error":"Cannot call `companies.find()` before initial connection is complete if `bufferCommands = false`. Make sure you `await mongoose.connect()` if you have `bufferCommands = false`.","level":"error","message":"Error processing sync queue","service":"tally-sync","timestamp":"2026-04-24T06:13:00.571Z"}
{"error":"Cannot call `companies.find()` before initial connection is complete if `bufferCommands = false`. Make sure you `await mongoose.connect()` if you have `bufferCommands = false`.","level":"error","message":"Error processing sync queue","service":"tally-sync","timestamp":"2026-04-24T06:13:30.900Z"}
{"error":"Cannot call `companies.find()` before initial connection is complete if `bufferCommands = false`. Make sure you `await mongoose.connect()` if you have `bufferCommands = false`.","level":"error","message":"Error processing sync queue","service":"tally-sync","timestamp":"2026-04-24T06:14:00.157Z"}
{"error":"Cannot call `companies.find()` before initial connection is complete if `bufferCommands = false`. Make sure you `await mongoose.connect()` if you have `bufferCommands = false`.","level":"error","message":"Error processing sync queue","service":"tally-sync","timestamp":"2026-04-24T06:14:30.476Z"}
{"error":"Cannot call `companies.find()` before initial connection is complete if `bufferCommands = false`. Make sure you `await mongoose.connect()` if you have `bufferCommands = false`.","level":"error","message":"Error processing sync queue","service":"tally-sync","timestamp":"2026-04-24T08:58:00.143Z"}
{"error":"Cannot call `companies.find()` before initial connection is complete if `bufferCommands = false`. Make sure you `await mongoose.connect()` if you have `bufferCommands = false`.","level":"error","message":"Error processing sync queue","service":"tally-sync","timestamp":"2026-04-24T08:58:30.340Z"}
{"error":"Cannot call `companies.find()` before initial connection is complete if `bufferCommands = false`. Make sure you `await mongoose.connect()` if you have `bufferCommands = false`.","level":"error","message":"Error processing sync queue","service":"tally-sync","timestamp":"2026-04-24T08:59:00.536Z"}
{"error":"Cannot call `companies.find()` before initial connection is complete if `bufferCommands = false`. Make sure you `await mongoose.connect()` if you have `bufferCommands = false`.","level":"error","message":"Error processing sync queue","service":"tally-sync","timestamp":"2026-04-24T08:59:30.699Z"}
{"error":"Cannot call `companies.find()` before initial connection is complete if `bufferCommands = false`. Make sure you `await mongoose.connect()` if you have `bufferCommands = false`.","level":"error","message":"Error processing sync queue","service":"tally-sync","timestamp":"2026-04-24T09:00:00.870Z"}
{"error":"Cannot call `tallysyncs.find()` before initial connection is complete if `bufferCommands = false`. Make sure you `await mongoose.connect()` if you have `bufferCommands = false`.","level":"error","message":"Error processing conflict queue","service":"tally-sync","timestamp":"2026-04-24T09:00:00.874Z"}
{"error":"Cannot call `companies.find()` before initial connection is complete if `bufferCommands = false`. Make sure you `await mongoose.connect()` if you have `bufferCommands = false`.","level":"error","message":"Error processing sync queue","service":"tally-sync","timestamp":"2026-04-24T09:00:30.079Z"}
{"error":"Cannot call `companies.find()` before initial connection is complete if `bufferCommands = false`. Make sure you `await mongoose.connect()` if you have `bufferCommands = false`.","level":"error","message":"Error processing sync queue","service":"tally-sync","timestamp":"2026-04-24T09:01:00.280Z"}
{"error":"Cannot call `companies.find()` before initial connection is complete if `bufferCommands = false`. Make sure you `await mongoose.connect()` if you have `bufferCommands = false`.","level":"error","message":"Error processing sync queue","service":"tally-sync","timestamp":"2026-04-24T09:01:30.472Z"}
{"error":"Cannot call `companies.find()` before initial connection is complete if `bufferCommands = false`. Make sure you `await mongoose.connect()` if you have `bufferCommands = false`.","level":"error","message":"Error processing sync queue","service":"tally-sync","timestamp":"2026-04-24T09:02:00.663Z"}
{"error":"Cannot call `companies.find()` before initial connection is complete if `bufferCommands = false`. Make sure you `await mongoose.connect()` if you have `bufferCommands = false`.","level":"error","message":"Error processing sync queue","service":"tally-sync","timestamp":"2026-04-24T09:02:30.845Z"}
{"error":"Cannot call `companies.find()` before initial connection is complete if `bufferCommands = false`. Make sure you `await mongoose.connect()` if you have `bufferCommands = false`.","level":"error","message":"Error processing sync queue","service":"tally-sync","timestamp":"2026-04-24T09:03:00.016Z"}
{"error":"Cannot call `companies.find()` before initial connection is complete if `bufferCommands = false`. Make sure you `await mongoose.connect()` if you have `bufferCommands = false`.","level":"error","message":"Error processing sync queue","service":"tally-sync","timestamp":"2026-04-24T09:03:30.205Z"}
{"error":"Cannot call `companies.find()` before initial connection is complete if `bufferCommands = false`. Make sure you `await mongoose.connect()` if you have `bufferCommands = false`.","level":"error","message":"Error processing sync queue","service":"tally-sync","timestamp":"2026-04-24T09:04:00.369Z"}
{"error":"Cannot call `companies.find()` before initial connection is complete if `bufferCommands = false`. Make sure you `await mongoose.connect()` if you have `bufferCommands = false`.","level":"error","message":"Error processing sync queue","service":"tally-sync","timestamp":"2026-04-24T09:04:30.529Z"}
{"error":"Cannot call `companies.find()` before initial connection is complete if `bufferCommands = false`. Make sure you `await mongoose.connect()` if you have `bufferCommands = false`.","level":"error","message":"Error processing sync queue","service":"tally-sync","timestamp":"2026-04-24T09:05:00.706Z"}
{"error":"Cannot call `tallysyncs.find()` before initial connection is complete if `bufferCommands = false`. Make sure you `await mongoose.connect()` if you have `bufferCommands = false`.","level":"error","message":"Error processing conflict queue","service":"tally-sync","timestamp":"2026-04-24T09:05:00.709Z"}
{"error":"Cannot call `companies.find()` before initial connection is complete if `bufferCommands = false`. Make sure you `await mongoose.connect()` if you have `bufferCommands = false`.","level":"error","message":"Error processing sync queue","service":"tally-sync","timestamp":"2026-04-24T09:05:30.854Z"}
{"error":"Cannot call `companies.find()` before initial connection is complete if `bufferCommands = false`. Make sure you `await mongoose.connect()` if you have `bufferCommands = false`.","level":"error","message":"Error processing sync queue","service":"tally-sync","timestamp":"2026-04-24T09:06:00.012Z"}
{"error":"Cannot call `companies.find()` before initial connection is complete if `bufferCommands = false`. Make sure you `await mongoose.connect()` if you have `bufferCommands = false`.","level":"error","message":"Error processing sync queue","service":"tally-sync","timestamp":"2026-04-24T09:06:30.176Z"}
{"error":"getaddrinfo ENOTFOUND ac-wqdqgfu-shard-00-01.w9gspv9.mongodb.net","level":"error","message":"Error processing sync queue","service":"tally-sync","timestamp":"2026-05-11T12:27:04.846Z"}
{"error":"getaddrinfo ENOTFOUND ac-wqdqgfu-shard-00-02.w9gspv9.mongodb.net","level":"error","message":"Error processing sync queue","service":"tally-sync","timestamp":"2026-05-14T10:53:37.473Z"}
{"error":"getaddrinfo ENOTFOUND ac-wqdqgfu-shard-00-02.w9gspv9.mongodb.net","level":"error","message":"Error processing sync queue","service":"tally-sync","timestamp":"2026-05-14T10:54:15.154Z"}
{"error":"getaddrinfo ENOTFOUND ac-wqdqgfu-shard-00-02.w9gspv9.mongodb.net","level":"error","message":"Error processing sync queue","service":"tally-sync","timestamp":"2026-05-14T10:54:45.364Z"}
{"error":"connection <monitor> to 159.41.196.31:27017 closed","level":"error","message":"Error processing sync queue","service":"tally-sync","timestamp":"2026-05-21T09:57:05.159Z"}
{"error":"getaddrinfo ENOTFOUND ac-wqdqgfu-shard-00-02.w9gspv9.mongodb.net","level":"error","message":"Error processing sync queue","service":"tally-sync","timestamp":"2026-05-26T11:22:37.671Z"}
{"error":"getaddrinfo ENOTFOUND ac-wqdqgfu-shard-00-02.w9gspv9.mongodb.net","level":"error","message":"Error processing sync queue","service":"tally-sync","timestamp":"2026-05-26T11:23:15.481Z"}
{"error":"getaddrinfo ENOTFOUND ac-wqdqgfu-shard-00-02.w9gspv9.mongodb.net","level":"error","message":"Error processing sync queue","service":"tally-sync","timestamp":"2026-05-26T11:29:37.299Z"}
{"error":"getaddrinfo ENOTFOUND ac-wqdqgfu-shard-00-02.w9gspv9.mongodb.net","level":"error","message":"Error processing sync queue","service":"tally-sync","timestamp":"2026-05-26T11:30:15.946Z"}
{"error":"getaddrinfo ENOTFOUND ac-wqdqgfu-shard-00-02.w9gspv9.mongodb.net","level":"error","message":"Error processing conflict queue","service":"tally-sync","timestamp":"2026-05-26T11:30:15.948Z"}
{"error":"getaddrinfo ENOTFOUND ac-wqdqgfu-shard-00-02.w9gspv9.mongodb.net","level":"error","message":"Error processing sync queue","service":"tally-sync","timestamp":"2026-05-26T11:30:45.217Z"}
{"error":"getaddrinfo ENOTFOUND ac-wqdqgfu-shard-00-02.w9gspv9.mongodb.net","level":"error","message":"Error processing sync queue","service":"tally-sync","timestamp":"2026-05-26T11:31:15.581Z"}
{"error":"getaddrinfo ENOTFOUND ac-wqdqgfu-shard-00-02.w9gspv9.mongodb.net","level":"error","message":"Error processing sync queue","service":"tally-sync","timestamp":"2026-05-26T11:31:46.004Z"}
{"error":"getaddrinfo ENOTFOUND ac-wqdqgfu-shard-00-02.w9gspv9.mongodb.net","level":"error","message":"Error processing sync queue","service":"tally-sync","timestamp":"2026-05-26T11:32:15.311Z"}
{"error":"getaddrinfo ENOTFOUND ac-wqdqgfu-shard-00-02.w9gspv9.mongodb.net","level":"error","message":"Error processing sync queue","service":"tally-sync","timestamp":"2026-05-26T11:32:45.798Z"}
{"error":"getaddrinfo ENOTFOUND ac-wqdqgfu-shard-00-02.w9gspv9.mongodb.net","level":"error","message":"Error processing sync queue","service":"tally-sync","timestamp":"2026-05-26T11:33:15.249Z"}
